// Jest Snapshot v1, https://goo.gl/fbAQLP

exports[`WorkflowStatusItem matches the snapshot 1`] = `
<div>
  <span
    class="MuiTypography-root WorkflowStatusItem-active-1 WorkflowStatusItem-draftStatus-4 MuiTypography-overline MuiTypography-gutterBottom"
  >
    test
  </span>
</div>
`;
